// Jest Snapshot v1, https://goo.gl/fbAQLP

exports[`render a chart 1`] = `
Array [
  <line
    stroke="grey"
    strokeWidth="1"
    transform="rotate(15,130,130)"
    x1={130}
    x2={130}
    y1={10}
    y2={130}
  />,
  <line
    stroke="grey"
    strokeWidth="1"
    transform="rotate(45,130,130)"
    x1={130}
    x2={130}
    y1={10}
    y2={130}
  />,
  <line
    stroke="grey"
    strokeWidth="1"
    transform="rotate(75,130,130)"
    x1={130}
    x2={130}
    y1={10}
    y2={130}
  />,
  <line
    stroke="grey"
    strokeWidth="1"
    transform="rotate(105,130,130)"
    x1={130}
    x2={130}
    y1={10}
    y2={130}
  />,
  <line
    stroke="grey"
    strokeWidth="1"
    transform="rotate(135,130,130)"
    x1={130}
    x2={130}
    y1={10}
    y2={130}
  />,
  <line
    stroke="grey"
    strokeWidth="1"
    transform="rotate(165,130,130)"
    x1={130}
    x2={130}
    y1={10}
    y2={130}
  />,
  <line
    stroke="grey"
    strokeWidth="1"
    transform="rotate(195,130,130)"
    x1={130}
    x2={130}
    y1={10}
    y2={130}
  />,
  <line
    stroke="grey"
    strokeWidth="1"
    transform="rotate(225,130,130)"
    x1={130}
    x2={130}
    y1={10}
    y2={130}
  />,
  <line
    stroke="grey"
    strokeWidth="1"
    transform="rotate(255,130,130)"
    x1={130}
    x2={130}
    y1={10}
    y2={130}
  />,
  <line
    stroke="grey"
    strokeWidth="1"
    transform="rotate(285,130,130)"
    x1={130}
    x2={130}
    y1={10}
    y2={130}
  />,
  <line
    stroke="grey"
    strokeWidth="1"
    transform="rotate(315,130,130)"
    x1={130}
    x2={130}
    y1={10}
    y2={130}
  />,
  <line
    stroke="grey"
    strokeWidth="1"
    transform="rotate(345,130,130)"
    x1={130}
    x2={130}
    y1={10}
    y2={130}
  />,
  <circle
    cx={130}
    cy={130}
    fill="none"
    opacity={1}
    r={120}
    stroke="grey"
    strokeWidth="1"
  />,
  <circle
    cx={130}
    cy={130}
    fill="none"
    opacity={0.5}
    r={90}
    stroke="grey"
    strokeWidth="1"
  />,
  <circle
    cx={130}
    cy={130}
    fill="none"
    opacity={0.5}
    r={60}
    stroke="grey"
    strokeWidth="1"
  />,
  <circle
    cx={130}
    cy={130}
    fill="none"
    opacity={0.5}
    r={30}
    stroke="grey"
    strokeWidth="1"
  />,
]
`;
