// Jest Snapshot v1, https://goo.gl/fbAQLP

exports[`Render an interval label 1`] = `
Array [
  <path
    d="M 100.48552873684054 11.623921394328434 A 122 122, 0, 0, 1, 159.51447126315946 11.623921394328434"
    fill="none"
    id="curved0"
    transform="rotate(0, 130, 130)"
  />,
  <text
    fill="black"
    fontSize="11px"
    textAnchor="middle"
  >
    <textPath
      href="#curved0"
      startOffset="50%"
    >
      1.0h
    </textPath>
  </text>,
]
`;
